// Jest Snapshot v1, https://goo.gl/fbAQLP

exports[`GifItem should match with snapshot 1`] = `
<div>
  <div
    class="card"
  >
    <img
      alt="test"
      id="gif-item-img"
      src="https://test.com/"
    />
    <p
      id="gif-item-title"
    >
      test
    </p>
  </div>
</div>
`;
